// Jest Snapshot v1, https://goo.gl/fbAQLP

exports[`Tag-Selector component renders the default options correctly 1`] = `
<div
  className="VS-App"
>
  <div
    id="98d9c3b1-40b6-6521-c87c-dc79d8e47285"
  />
  <header
    className="VS-App-header"
  >
    <div>
      <div>
        <div
          className="VS-Tag-Input-Border"
        >
          <ul>
            
            <li>
              <input
                className="VS-Regular-UPPER-Case VS-TagSelector-Input form-control"
                onBlur={[Function]}
                onChange={[Function]}
                onClick={[Function]}
                placeholder="Search"
                type="text"
              />
            </li>
          </ul>
        </div>
      </div>
      
    </div>
  </header>
</div>
`;
